%{
  content: "<div class=\"content\" id=\"repo-info\"><!-- Stats --><div class=\"row\"><div class=\"col-6 col-md-3 col-lg-6 col-xl-3\"><a href=\"javascript:void(0)\" class=\"block block-rounded block-link-pop border-start border-4 border-danger\"><div class=\"block-content block-content-full\"><div class=\"fs-sm fw-semibold text-uppercase text-muted\">Main Branch</div><div class=\"fs-2 fw-normal text-dark\">50.0%</div></div></a></div><div class=\"col-6 col-md-3 col-lg-6 col-xl-3\"><a href=\"javascript:void(0)\" class=\"block block-rounded block-link-pop border-start border-4 border-success\"><div class=\"block-content block-content-full\"><div class=\"fs-sm fw-semibold text-uppercase text-muted\">Latest Build</div><div class=\"fs-2 fw-normal text-dark\">99.9%</div></div></a></div><div class=\"col-6 col-md-3 col-lg-6 col-xl-3\"><a class=\"block block-rounded block-link-pop border-start border-primary border-4\" href=\"javascript:void(0)\"><div class=\"block-content block-content-full\"><div class=\"fs-sm fw-semibold text-uppercase text-muted\">Main Branch Builds</div><div class=\"fs-2 fw-normal text-dark\">0</div></div></a></div><div class=\"col-6 col-md-3 col-lg-6 col-xl-3\"><a class=\"block block-rounded block-link-pop border-start border-primary border-4\" href=\"javascript:void(0)\"><div class=\"block-content block-content-full\"><div class=\"fs-sm fw-semibold text-uppercase text-muted\">Total Builds</div><div class=\"fs-2 fw-normal text-dark\">1</div></div></a></div></div><!-- END Stats --><!-- Customers and Latest Orders --><div class=\"row row-deck\"><!-- Latest Orders --><div class=\"col-lg-12\"><div class=\"block block-rounded block-mode-loading-oneui\"><div class=\"block-header block-header-default\"><h3 class=\"block-title\">Recent Builds</h3></div><div class=\"block-content block-content-full\"><table class=\"table table-striped table-hover table-borderless table-vcenter fs-sm mb-0\"><thead><tr class=\"text-uppercase\"><th class=\"fw-bold\">ID</th><th class=\"d-none d-sm-table-cell fw-bold\">Branch</th><th class=\"fw-bold\">Coverage</th><th class=\"d-none d-sm-table-cell fw-bold\">Diff</th><th class=\"d-none d-sm-table-cell fw-bold\">Commit</th><th class=\"d-none d-sm-table-cell fw-bold\">Commiter</th><th class=\"d-none d-sm-table-cell fw-bold\">Time</th><th class=\"d-none d-sm-table-cell fw-bold\">Via</th></tr></thead><tbody><tr><td><span class=\"fw-semibold\"><a data-phx-link=\"redirect\" data-phx-link-state=\"push\" href=\"/builds/443\">#1234</a></span></td><td class=\"d-none d-sm-table-cell\"><span class=\"fs-sm text-muted\">main</span></td><td><span class=\"fw-semibold text-success\">99.9%</span></td><td><span class=\"fw-semibold\"><span class=\"text-success\"><i class=\"fas fa-arrow-circle-up\"></i>49.8%\n  </span></span></td><td><span class=\"fw-semibold\">\n      oie shi\n      \n        <a href=\"https://github.com/octocat/Hello-World/commit/\"><i class=\"fab github-alt\"></i></a></span></td><td class=\"d-none d-sm-table-cell\"></td><td class=\"d-none d-sm-table-cell\">\n    about 18 hours ago\n  </td><td class=\"d-none d-sm-table-cell\"></td></tr></tbody></table></div></div></div><!-- END Latest Orders --></div><!-- END Customers and Latest Orders --></div>",
  header: "<div class=\"bg-image\" id=\"repo-header\"><div class=\"bg-primary-dark-op\"><div class=\"content content-full\"><div class=\"d-flex flex-column flex-sm-row justify-content-sm-between align-items-sm-center mt-5 mb-2 text-center text-sm-start\"><div class=\"flex-grow-1\"><h1 class=\"fw-semibold text-white mb-0\">octocat/Hello-World</h1><h2 class=\"h4 fw-normal text-white-75 mb-0\">Code Coverage Report</h2></div><div class=\"flex-shrink-0 mt-3 mt-sm-0 ms-sm-3\"><span class=\"d-inline-block btn-group\"><div class=\"btn-group\"><button class=\"btn btn-primary px-4 py-2 dropdown-toggle\" type=\"button\" id=\"dropdownMenuClickable\" data-bs-toggle=\"dropdown\" data-bs-auto-close=\"false\" aria-expanded=\"false\"><i class=\"fas fa-key me-1 opacity-50\"></i> Show Token\n              </button><ul class=\"dropdown-menu\" aria-labelledby=\"dropdownMenuClickable\"><li><h6 class=\"dropdown-header\">Token</h6></li><li><pre><code><span class=\"dropdown-item\">p4ssw0rd</span></code></pre></li></ul></div><div class=\"btn-group\"><button class=\"btn btn-primary px-4 py-2 dropdown-toggle\" type=\"button\" id=\"dropdownMenuClickable2\" data-bs-toggle=\"dropdown\" data-bs-auto-close=\"false\" aria-expanded=\"false\"><i class=\"far fa-image me-1 opacity-50\"></i> Get Badge\n              </button><ul class=\"dropdown-menu\" aria-labelledby=\"dropdownMenuClickable2\"><li><img class=\"dropdown-header\" src=\"/projects/1337/badge.svg\"/></li><li><h6 class=\"dropdown-header\">Markdown</h6></li><li><pre class=\"dropdown-item\"><code class=\"language-markdown\">\n                    [![Coverage Status](http://localhost:4001/projects/1337/badge.svg)](http://localhost:4001/repositories/octocat/Hello-World)\n                  </code></pre></li></ul></div><a class=\"btn btn-primary px-4 py-2 js-click-ripple-enabled\" href=\"https://github.com/octocat/Hello-World\" style=\"overflow: hidden; position: relative; z-index: 1;\" target=\"_blank\"><i class=\"fab fa-github me-1 opacity-50\"></i> Open\n</a></span></div></div></div></div></div>"
}