"<div class=\"content\" id=\"repositories-index\"><h2 class=\"content-heading\">\n    Repos\n  </h2><div class=\"row\"><div class=\"col-md-6\"><div class=\"block block-rounded block-bordered block-fx-pop\"><div class=\"block-header block-header-default\"><h3 class=\"block-title\">\n        \n          octocat/Hello-World\n        \n      </h3><div class=\"block-options\"><a target=\"_blank\" class=\"btn-block-option\" href=\"https://github.com/octocat/Hello-World/settings/installations\"><i class=\"si si-settings\"></i></a></div></div><div class=\"block-content block-content-full ribbon ribbon-info ribbon-bookmark\"><p>This your first repo!</p><a target=\"_blank\" class=\"badge rounded-pill bg-secondary\" href=\"https://github.com/topics/octocat\">octocat</a><a target=\"_blank\" class=\"badge rounded-pill bg-secondary\" href=\"https://github.com/topics/atom\">atom</a><a target=\"_blank\" class=\"badge rounded-pill bg-secondary\" href=\"https://github.com/topics/electron\">electron</a><a target=\"_blank\" class=\"badge rounded-pill bg-secondary\" href=\"https://github.com/topics/api\">api</a></div><div class=\"block-content bg-light px-4 py-2 m-0\"><small class=\"text-muted\"><i class=\"fas fa-history\"></i> Updated 11 years ago</small></div></div></div></div></div>"
