"<div class=\"content\" id=\"repositories-index\"><h2 class=\"content-heading\">\n    Repos\n  </h2><div class=\"row\"><div class=\"col-md-6\"><div class=\"block block-rounded block-bordered block-fx-pop\"><div class=\"block-header block-header-default\"><h3 class=\"block-title\"><a data-phx-link=\"redirect\" data-phx-link-state=\"push\" href=\"/repositories/octocat/Hello-World\">octocat/Hello-World</a></h3><div class=\"block-options\"></div></div><div class=\"block-content block-content-full ribbon ribbon-danger ribbon-bookmark\"><div class=\"ribbon-box\">\n        50.0%\n      </div><p>This your first repo!</p><p class=\"card-text text-muted\"><a class=\"text-muted\" data-phx-link=\"redirect\" data-phx-link-state=\"push\" href=\"/builds/443\">oie shi</a>\n\n        \n          on branch <span class=\"font-italic\">main</span></p><a target=\"_blank\" class=\"badge rounded-pill bg-secondary\" href=\"https://github.com/topics/octocat\">octocat</a><a target=\"_blank\" class=\"badge rounded-pill bg-secondary\" href=\"https://github.com/topics/atom\">atom</a><a target=\"_blank\" class=\"badge rounded-pill bg-secondary\" href=\"https://github.com/topics/electron\">electron</a><a target=\"_blank\" class=\"badge rounded-pill bg-secondary\" href=\"https://github.com/topics/api\">api</a></div><div class=\"block-content bg-light px-4 py-2 m-0\"><small class=\"text-muted\"><i class=\"fas fa-history\"></i> Updated now</small></div></div></div></div></div>"